#-----------------------------------------------------------
# Vivado v2024.1 (64-bit)
# SW Build 5076996 on Wed May 22 18:37:14 MDT 2024
# IP Build 5075265 on Wed May 22 21:45:21 MDT 2024
# SharedData Build 5076995 on Wed May 22 18:29:18 MDT 2024
# Start of session at: Sun Nov 17 15:07:54 2024
# Process ID: 47364
# Current directory: C:/Xilinx/Vivado/EE415/project_1/project_1.runs/clk_wiz_0_synth_1
# Command line: vivado.exe -log clk_wiz_0.vds -product Vivado -mode batch -messageDb vivado.pb -notrace -source clk_wiz_0.tcl
# Log file: C:/Xilinx/Vivado/EE415/project_1/project_1.runs/clk_wiz_0_synth_1/clk_wiz_0.vds
# Journal file: C:/Xilinx/Vivado/EE415/project_1/project_1.runs/clk_wiz_0_synth_1\vivado.jou
# Running On        :Marlofst
# Platform          :Windows Server 2016 or Windows 10
# Operating System  :22631
# Processor Detail  :AMD Ryzen 9 5900HS with Radeon Graphics        
# CPU Frequency     :3294 MHz
# CPU Physical cores:8
# CPU Logical cores :16
# Host memory       :16542 MB
# Swap memory       :26092 MB
# Total Virtual     :42635 MB
# Available Virtual :6625 MB
#-----------------------------------------------------------
source clk_wiz_0.tcl -notrace
