#-----------------------------------------------------------
# Vivado v2024.1.2 (64-bit)
# SW Build 5164865 on Thu Sep  5 14:37:11 MDT 2024
# IP Build 5164407 on Fri Sep  6 08:18:11 MDT 2024
# SharedData Build 5164864 on Thu Sep 05 13:09:09 MDT 2024
# Start of session at: Wed Oct 30 21:45:50 2024
# Process ID: 42140
# Current directory: C:/Xilinx/Vivado/EE415/projectTest9otherAXI/projectTest9otherAXI.runs/design_1_microblaze_riscv_0_axi_intc_0_synth_1
# Command line: vivado.exe -log design_1_microblaze_riscv_0_axi_intc_0.vds -product Vivado -mode batch -messageDb vivado.pb -notrace -source design_1_microblaze_riscv_0_axi_intc_0.tcl
# Log file: C:/Xilinx/Vivado/EE415/projectTest9otherAXI/projectTest9otherAXI.runs/design_1_microblaze_riscv_0_axi_intc_0_synth_1/design_1_microblaze_riscv_0_axi_intc_0.vds
# Journal file: C:/Xilinx/Vivado/EE415/projectTest9otherAXI/projectTest9otherAXI.runs/design_1_microblaze_riscv_0_axi_intc_0_synth_1\vivado.jou
# Running On        :Marlofst
# Platform          :Windows Server 2016 or Windows 10
# Operating System  :22631
# Processor Detail  :AMD Ryzen 9 5900HS with Radeon Graphics        
# CPU Frequency     :3294 MHz
# CPU Physical cores:8
# CPU Logical cores :16
# Host memory       :16542 MB
# Swap memory       :36507 MB
# Total Virtual     :53049 MB
# Available Virtual :25892 MB
#-----------------------------------------------------------
source design_1_microblaze_riscv_0_axi_intc_0.tcl -notrace
