#-----------------------------------------------------------
# Vivado v2024.1 (64-bit)
# SW Build 5076996 on Wed May 22 18:37:14 MDT 2024
# IP Build 5075265 on Wed May 22 21:45:21 MDT 2024
# SharedData Build 5076995 on Wed May 22 18:29:18 MDT 2024
# Start of session at: Fri Nov 15 19:25:05 2024
# Process ID: 41960
# Current directory: C:/Xilinx/Vivado/EE415/projectTest19vga/projectTest19vga.runs/synth_1
# Command line: vivado.exe -log design_1_wrapper.vds -product Vivado -mode batch -messageDb vivado.pb -notrace -source design_1_wrapper.tcl
# Log file: C:/Xilinx/Vivado/EE415/projectTest19vga/projectTest19vga.runs/synth_1/design_1_wrapper.vds
# Journal file: C:/Xilinx/Vivado/EE415/projectTest19vga/projectTest19vga.runs/synth_1\vivado.jou
# Running On        :Marlofst
# Platform          :Windows Server 2016 or Windows 10
# Operating System  :22631
# Processor Detail  :AMD Ryzen 9 5900HS with Radeon Graphics        
# CPU Frequency     :3294 MHz
# CPU Physical cores:8
# CPU Logical cores :16
# Host memory       :16542 MB
# Swap memory       :25769 MB
# Total Virtual     :42312 MB
# Available Virtual :13111 MB
#-----------------------------------------------------------
source design_1_wrapper.tcl -notrace
